[theme.nileforest.com/html/philos/index.html]
[backblue.gif]
[fade.gif]
[index.html]
[theme.nileforest.com/html/philos/img/favicon.ico]
[theme.nileforest.com/html/philos/img/favicon.png]
[theme.nileforest.com/html/philos/img/close-icon-white.png]
[theme.nileforest.com/html/philos/img/product-img/small/product_12547554.jpg]
[theme.nileforest.com/html/philos/img/product-img/small/product_12547555.jpg]
[theme.nileforest.com/html/philos/cart.html]
[theme.nileforest.com/html/philos/checkout.html]
[theme.nileforest.com/html/philos/img/search-icon-lg.png]
[theme.nileforest.com/html/philos/img/search-lg-go-icon.png]
[theme.nileforest.com/html/philos/shop_grid.html]
[theme.nileforest.com/html/philos/img/banner/banner_115145.jpg]
[theme.nileforest.com/html/philos/shop_grid-sidebar_right.html]
[theme.nileforest.com/html/philos/shop_grid-no_sidebar.html]
[theme.nileforest.com/html/philos/shop_list.html]
[theme.nileforest.com/html/philos/shop_list-sidebar_right.html]
[theme.nileforest.com/html/philos/portfolio.html]
[theme.nileforest.com/html/philos/product_detail.html]
[theme.nileforest.com/html/philos/portfolio-single.html]
[theme.nileforest.com/html/philos/product_detail-with_sidebar.html]
[theme.nileforest.com/html/philos/blog.html]
[theme.nileforest.com/html/philos/blog-with_sidebar.html]
[theme.nileforest.com/html/philos/blog-single.html]
[theme.nileforest.com/html/philos/img/slide-img/slide_bg1.jpg]
[theme.nileforest.com/html/philos/img/slide-img/slide_bg2.jpg]
[theme.nileforest.com/html/philos/img/slide-img/slide_bg3.jpg]
[theme.nileforest.com/html/philos/img/slider-caption-sale.png]
[theme.nileforest.com/html/philos/img/banner/promo-banner4.jpg]
[theme.nileforest.com/html/philos/img/banner/promo-banner3.jpg]
[theme.nileforest.com/html/philos/img/banner/promo-banner2.jpg]
[theme.nileforest.com/html/philos/img/banner/promo-banner5.jpg]
[theme.nileforest.com/html/philos/img/product-img/big/product_125470001.jpg]
[theme.nileforest.com/html/philos/img/product-img/big/product_125470002.jpg]
[theme.nileforest.com/html/philos/img/product-img/big/product_125470003.jpg]
[theme.nileforest.com/html/philos/img/product-img/big/product_125470004.jpg]
[theme.nileforest.com/html/philos/img/product-img/big/product_125470005.jpg]
[theme.nileforest.com/html/philos/img/product-img/big/product_125470006.jpg]
[theme.nileforest.com/html/philos/img/product-img/big/product_125470007.jpg]
[theme.nileforest.com/html/philos/img/categories/Categories_cupple.jpg]
[theme.nileforest.com/html/philos/img/categories/Categories_women.jpg]
[theme.nileforest.com/html/philos/img/categories/Categories_man.jpg]
[theme.nileforest.com/html/philos/img/blog/blog_01.jpg]
[theme.nileforest.com/html/philos/img/blog/blog_02.jpg]
[theme.nileforest.com/html/philos/img/blog/blog_03.jpg]
[theme.nileforest.com/html/philos/img/logo/01.png]
[theme.nileforest.com/html/philos/img/logo/02.png]
[theme.nileforest.com/html/philos/img/logo/03.png]
[theme.nileforest.com/html/philos/img/logo/04.png]
[theme.nileforest.com/html/philos/img/logo/05.png]
[theme.nileforest.com/html/philos/img/logo/06.png]
[theme.nileforest.com/html/philos/img/logo/07.png]
[theme.nileforest.com/html/philos/img/logo/08.png]
[theme.nileforest.com/html/philos/img/logo/09.png]
[theme.nileforest.com/html/philos/img/instagram/insta-1.jpg]
[theme.nileforest.com/html/philos/img/instagram/insta-2.jpg]
[theme.nileforest.com/html/philos/img/instagram/insta-3.jpg]
[theme.nileforest.com/html/philos/img/instagram/insta-4.jpg]
[theme.nileforest.com/html/philos/img/instagram/insta-5.jpg]
[theme.nileforest.com/html/philos/img/logo_white.png]
[theme.nileforest.com/html/philos/img/payment_logos.png]
[theme.nileforest.com/html/philos/js/jquery.min.js]
[theme.nileforest.com/html/philos/js/plugins/jquery-ui.js]
[theme.nileforest.com/html/philos/js/plugins/modernizr.js]
[theme.nileforest.com/html/philos/plugins/rev_slider/js/jquery.themepunch.revolution.min.js]
[theme.nileforest.com/html/philos/plugins/rev_slider/js/jquery.themepunch.tools.min.js]
[theme.nileforest.com/html/philos/plugins/rev_slider/js/revolution.extension.navigation.min.js]
[theme.nileforest.com/html/philos/plugins/rev_slider/js/revolution.extension.parallax.min.js]
[theme.nileforest.com/html/philos/plugins/rev_slider/js/revolution.extension.slideanims.min.js]
[theme.nileforest.com/html/philos/plugins/rev_slider/js/revolution.extension.layeranimation.min.js]
[theme.nileforest.com/html/philos/js/plugins/tether.min.js]
[theme.nileforest.com/html/philos/js/plugins/bootstrap.min.js]
[theme.nileforest.com/html/philos/js/plugins/owl.carousel.js]
[theme.nileforest.com/html/philos/js/plugins/slick.js]
[theme.nileforest.com/html/philos/js/plugins/plugins-all.js]
[theme.nileforest.com/html/philos/js/custom.js]
[theme.nileforest.com/html/philos/index.html]
[theme.nileforest.com/html/philos/css/plugins/bootstrap.css]
[theme.nileforest.com/html/philos/css/fonts/fontawesome-webfont3e6e.eot]
[theme.nileforest.com/html/philos/css/fonts/fontawesome-webfontd41d.eot]
[theme.nileforest.com/html/philos/css/fonts/fontawesome-webfont3e6e.woff2]
[theme.nileforest.com/html/philos/css/fonts/fontawesome-webfont3e6e.woff]
[theme.nileforest.com/html/philos/css/fonts/fontawesome-webfont3e6e.ttf]
[theme.nileforest.com/html/philos/css/plugins/font-awesome.min.css]
[theme.nileforest.com/html/philos/css/plugins/animate.css]
[theme.nileforest.com/html/philos/img/label_new.png]
[theme.nileforest.com/html/philos/img/label_sale.png]
[theme.nileforest.com/html/philos/img/dropdown-top-arrow.png]
[theme.nileforest.com/html/philos/img/close-icon-black.png]
[theme.nileforest.com/html/philos/img/close-icon-color.png]
[theme.nileforest.com/html/philos/img/bg/bg_6.jpg]
[theme.nileforest.com/html/philos/img/newsletter_popup_bg.png]
[theme.nileforest.com/html/philos/img/breadcrumb-bg.png]
[theme.nileforest.com/html/philos/css/style.css]
[theme.nileforest.com/html/philos/plugins/rev_slider/fonts/revicons/revicons90c6.eot]
[theme.nileforest.com/html/philos/plugins/rev_slider/fonts/revicons/revicons90c6.woff]
[theme.nileforest.com/html/philos/plugins/rev_slider/fonts/revicons/revicons90c6.ttf]
[theme.nileforest.com/html/philos/plugins/rev_slider/css/openhand.cur]
[theme.nileforest.com/html/philos/plugins/rev_slider/css/closedhand.cur]
[theme.nileforest.com/html/philos/plugins/rev_slider/assets/gridtile.png]
[theme.nileforest.com/html/philos/plugins/rev_slider/assets/gridtile_white.png]
[theme.nileforest.com/html/philos/plugins/rev_slider/assets/gridtile_3x3.png]
[theme.nileforest.com/html/philos/plugins/rev_slider/assets/gridtile_3x3_white.png]
[theme.nileforest.com/html/philos/plugins/rev_slider/assets/coloredbg.png]
[theme.nileforest.com/html/philos/plugins/rev_slider/assets/loader.gif]
[theme.nileforest.com/html/philos/plugins/rev_slider/css/settings-ver.5.3.1.css]
[theme.nileforest.com/html/philos/cart.html]
[www.paypalobjects.com/webstatic/mktg/Logo/AM_mc_vs_ms_ae_UK.png]
[theme.nileforest.com/html/philos/checkout.html]
[theme.nileforest.com/html/philos/img/logo_black.png]
[theme.nileforest.com/html/philos/img/banner/banner_115146.jpg]
[theme.nileforest.com/html/philos/shop_grid.html]
[theme.nileforest.com/html/philos/shop_grid-sidebar_right.html]
[theme.nileforest.com/html/philos/shop_grid-no_sidebar.html]
[theme.nileforest.com/html/philos/shop_list.html]
[theme.nileforest.com/html/philos/shop_list-sidebar_right.html]
[theme.nileforest.com/html/philos/img/product-img/single/product_12547007_1.jpg]
[theme.nileforest.com/html/philos/img/product-img/single/product_12547007_2.jpg]
[theme.nileforest.com/html/philos/img/product-img/single/product_12547007_3.jpg]
[theme.nileforest.com/html/philos/img/product-img/single/product_12547007_4.jpg]
[theme.nileforest.com/html/philos/img/product-img/single/product_12547007_5.jpg]
[theme.nileforest.com/html/philos/img/product-img/single/product_12547007_6.jpg]
[theme.nileforest.com/html/philos/img/avatar.jpg]
[theme.nileforest.com/html/philos/plugins/photoswipe_popup/photoswipe.min.js]
[theme.nileforest.com/html/philos/plugins/photoswipe_popup/photoswipe-ui-default.min.js]
[theme.nileforest.com/html/philos/plugins/photoswipe_popup/photoswipe-core.js]
[theme.nileforest.com/html/philos/product_detail.html]
[theme.nileforest.com/html/philos/product_detail-with_sidebar.html]
[theme.nileforest.com/html/philos/img/bg/bg_2.jpg]
[theme.nileforest.com/html/philos/img/bg/bg_4.jpg]
[theme.nileforest.com/html/philos/img/bg/bg_7.jpg]
[theme.nileforest.com/html/philos/portfolio.html]
[theme.nileforest.com/html/philos/portfolio-single.html]
[theme.nileforest.com/html/philos/blog.html]
[theme.nileforest.com/html/philos/blog-with_sidebar.html]
[theme.nileforest.com/html/philos/blog-single.html]
[theme.nileforest.com/html/philos/img/slide-img/slide_bg1.jpg]
[theme.nileforest.com/html/philos/img/slide-img/slide_bg2.jpg]
[theme.nileforest.com/html/philos/img/slide-img/slide_bg3.jpg]
[theme.nileforest.com/html/philos/img/blog/blog_01.jpg]
[theme.nileforest.com/html/philos/img/blog/blog_02.jpg]
[theme.nileforest.com/html/philos/img/blog/blog_03.jpg]
[theme.nileforest.com/html/philos/js/plugins/jquery-ui.js]
[theme.nileforest.com/html/philos/css/fonts/fontawesome-webfont3e6e.svg]
[theme.nileforest.com/html/philos/css/plugins/owl.video.play.83.delayed]
[theme.nileforest.com/html/philos/css/plugins/owl.carousel.css]
[theme.nileforest.com/html/philos/css/plugins/ajax-loader.gif]
[theme.nileforest.com/html/philos/css/plugins/slick-fonts/slick.eot]
[theme.nileforest.com/html/philos/css/plugins/slick-fonts/slick.woff]
[theme.nileforest.com/html/philos/css/plugins/slick-fonts/slickd41d.eot]
[theme.nileforest.com/html/philos/css/plugins/slick-fonts/slick.ttf]
[theme.nileforest.com/html/philos/css/plugins/slick.css]
[theme.nileforest.com/html/philos/css/plugins/nice-select.css]
[theme.nileforest.com/html/philos/plugins/rev_slider/fonts/revicons/revicons90c6.svg]
[theme.nileforest.com/html/philos/plugins/rev_slider/css/openhand.html]
[theme.nileforest.com/html/philos/plugins/rev_slider/css/closedhand.html]
[theme.nileforest.com/html/philos/about.html]
[theme.nileforest.com/html/philos/plugins/photoswipe_popup/photoswipe.css]
[theme.nileforest.com/html/philos/sdsd]
[theme.nileforest.com/html/philos/plugins/photoswipe_popup/default-skin/default-skin.png]
[theme.nileforest.com/html/philos/plugins/photoswipe_popup/default-skin/preloader.gif]
[theme.nileforest.com/html/philos/plugins/photoswipe_popup/default-skin/default-skin.css]
[theme.nileforest.com/html/philos/img/product-img/single/product_12547007_2.jpg]
[theme.nileforest.com/html/philos/img/product-img/single/product_12547007_3.jpg]
[theme.nileforest.com/html/philos/img/product-img/single/product_12547007_4.jpg]
[theme.nileforest.com/html/philos/img/product-img/single/product_12547007_5.jpg]
[theme.nileforest.com/html/philos/img/product-img/single/product_12547007_6.jpg]
[pinterest.com/pin/create/button/index68d2.html]
[theme.nileforest.com/html/philos/img/bg/bg_2.jpg]
[theme.nileforest.com/html/philos/img/bg/bg_4.jpg]
[theme.nileforest.com/html/philos/img/bg/bg_7.jpg]
[theme.nileforest.com/html/philos/img/slide-img/slide_bg1.jpg]
[theme.nileforest.com/html/philos/img/slide-img/slide_bg3.jpg]
[theme.nileforest.com/html/philos/img/blog/blog_03.jpg]
[theme.nileforest.com/html/philos/css/plugins/owl.video.play.html]
[theme.nileforest.com/html/philos/css/plugins/ajax-loader.html]
[theme.nileforest.com/html/philos/css/plugins/slick-fonts/slick.svg]
[theme.nileforest.com/html/philos/login-register.html]
[theme.nileforest.com/html/philos/about.html]
[theme.nileforest.com/html/philos/contact.html]
[theme.nileforest.com/html/philos/sdsd]
[theme.nileforest.com/html/philos/plugins/photoswipe_popup/default-skin/default-skin.svg]
[theme.nileforest.com/html/philos/img/product-img/single/product_12547007_3.jpg]
[theme.nileforest.com/html/philos/img/bg/bg_2.jpg]
[theme.nileforest.com/html/philos/img/bg/bg_4.jpg]
[theme.nileforest.com/html/philos/img/bg/bg_7.jpg]
